MPLINK 4.49, Linker
Linker Map File - Created Sun Apr 14 16:22:03 2024

                                 Section Info
                  Section       Type    Address   Location Size(Bytes)
                ---------  ---------  ---------  ---------  ---------
                   .org_0       code   0x000000    program   0x000000
                   .org_2       code   0x000000    program   0x000004
                   .org_3       code   0x000008    program   0x0000ac
.config_300001_18F4525TEMP(1).O    romdata   0x300001    program   0x000001
.config_300002_18F4525TEMP(1).O    romdata   0x300002    program   0x000001
.config_300003_18F4525TEMP(1).O    romdata   0x300003    program   0x000001
.config_300005_18F4525TEMP(1).O    romdata   0x300005    program   0x000001
.config_300006_18F4525TEMP(1).O    romdata   0x300006    program   0x000001
.config_300008_18F4525TEMP(1).O    romdata   0x300008    program   0x000001
.config_300009_18F4525TEMP(1).O    romdata   0x300009    program   0x000001
.config_30000A_18F4525TEMP(1).O    romdata   0x30000a    program   0x000001
.config_30000B_18F4525TEMP(1).O    romdata   0x30000b    program   0x000001
.config_30000C_18F4525TEMP(1).O    romdata   0x30000c    program   0x000001
.config_30000D_18F4525TEMP(1).O    romdata   0x30000d    program   0x000001
                   .org_1       code   0xf00000    program   0x000010



                              Program Memory Usage 
                               Start         End      
                           ---------   ---------      
                            0x000000    0x000003      
                            0x000008    0x0000b3      
                            0x300001    0x300003      
                            0x300005    0x300006      
                            0x300008    0x30000d      
                            0xf00000    0xf0000f      
            203 out of 50200 program addresses used, program memory utilization is 0%



                              Symbols - Sorted by Name
                     Name    Address   Location    Storage File                     
                ---------  ---------  ---------  --------- ---------                
                  HighInt   0x00000a    program     static B:\Dokumente\Studium\6. Semester\MSE\Volpe\IR-Remote\code\ir_remote_v1\18F4525TEMP(1).ASM
                     Main   0x00009a    program     static B:\Dokumente\Studium\6. Semester\MSE\Volpe\IR-Remote\code\ir_remote_v1\18F4525TEMP(1).ASM
           delay_half_bit   0x00000c    program     static B:\Dokumente\Studium\6. Semester\MSE\Volpe\IR-Remote\code\ir_remote_v1\18F4525TEMP(1).ASM
              delay_pause   0x000026    program     static B:\Dokumente\Studium\6. Semester\MSE\Volpe\IR-Remote\code\ir_remote_v1\18F4525TEMP(1).ASM
         delay_pause_loop   0x00002a    program     static B:\Dokumente\Studium\6. Semester\MSE\Volpe\IR-Remote\code\ir_remote_v1\18F4525TEMP(1).ASM
              delay_pulse   0x000022    program     static B:\Dokumente\Studium\6. Semester\MSE\Volpe\IR-Remote\code\ir_remote_v1\18F4525TEMP(1).ASM
              inner_delay   0x000014    program     static B:\Dokumente\Studium\6. Semester\MSE\Volpe\IR-Remote\code\ir_remote_v1\18F4525TEMP(1).ASM
              outer_delay   0x000010    program     static B:\Dokumente\Studium\6. Semester\MSE\Volpe\IR-Remote\code\ir_remote_v1\18F4525TEMP(1).ASM
              send_buffer   0x00007a    program     static B:\Dokumente\Studium\6. Semester\MSE\Volpe\IR-Remote\code\ir_remote_v1\18F4525TEMP(1).ASM
            send_half_bit   0x000030    program     static B:\Dokumente\Studium\6. Semester\MSE\Volpe\IR-Remote\code\ir_remote_v1\18F4525TEMP(1).ASM
          send_half_bit_2   0x000050    program     static B:\Dokumente\Studium\6. Semester\MSE\Volpe\IR-Remote\code\ir_remote_v1\18F4525TEMP(1).ASM
                send_high   0x000070    program     static B:\Dokumente\Studium\6. Semester\MSE\Volpe\IR-Remote\code\ir_remote_v1\18F4525TEMP(1).ASM
                 send_low   0x000066    program     static B:\Dokumente\Studium\6. Semester\MSE\Volpe\IR-Remote\code\ir_remote_v1\18F4525TEMP(1).ASM
            send_next_bit   0x000086    program     static B:\Dokumente\Studium\6. Semester\MSE\Volpe\IR-Remote\code\ir_remote_v1\18F4525TEMP(1).ASM
           send_pulse_off   0x00003e    program     static B:\Dokumente\Studium\6. Semester\MSE\Volpe\IR-Remote\code\ir_remote_v1\18F4525TEMP(1).ASM
            send_pulse_on   0x000034    program     static B:\Dokumente\Studium\6. Semester\MSE\Volpe\IR-Remote\code\ir_remote_v1\18F4525TEMP(1).ASM
          send_pulse_on_2   0x000054    program     static B:\Dokumente\Studium\6. Semester\MSE\Volpe\IR-Remote\code\ir_remote_v1\18F4525TEMP(1).ASM



                              Symbols - Sorted by Address
                     Name    Address   Location    Storage File                     
                ---------  ---------  ---------  --------- ---------                
                  HighInt   0x00000a    program     static B:\Dokumente\Studium\6. Semester\MSE\Volpe\IR-Remote\code\ir_remote_v1\18F4525TEMP(1).ASM
           delay_half_bit   0x00000c    program     static B:\Dokumente\Studium\6. Semester\MSE\Volpe\IR-Remote\code\ir_remote_v1\18F4525TEMP(1).ASM
              outer_delay   0x000010    program     static B:\Dokumente\Studium\6. Semester\MSE\Volpe\IR-Remote\code\ir_remote_v1\18F4525TEMP(1).ASM
              inner_delay   0x000014    program     static B:\Dokumente\Studium\6. Semester\MSE\Volpe\IR-Remote\code\ir_remote_v1\18F4525TEMP(1).ASM
              delay_pulse   0x000022    program     static B:\Dokumente\Studium\6. Semester\MSE\Volpe\IR-Remote\code\ir_remote_v1\18F4525TEMP(1).ASM
              delay_pause   0x000026    program     static B:\Dokumente\Studium\6. Semester\MSE\Volpe\IR-Remote\code\ir_remote_v1\18F4525TEMP(1).ASM
         delay_pause_loop   0x00002a    program     static B:\Dokumente\Studium\6. Semester\MSE\Volpe\IR-Remote\code\ir_remote_v1\18F4525TEMP(1).ASM
            send_half_bit   0x000030    program     static B:\Dokumente\Studium\6. Semester\MSE\Volpe\IR-Remote\code\ir_remote_v1\18F4525TEMP(1).ASM
            send_pulse_on   0x000034    program     static B:\Dokumente\Studium\6. Semester\MSE\Volpe\IR-Remote\code\ir_remote_v1\18F4525TEMP(1).ASM
           send_pulse_off   0x00003e    program     static B:\Dokumente\Studium\6. Semester\MSE\Volpe\IR-Remote\code\ir_remote_v1\18F4525TEMP(1).ASM
          send_half_bit_2   0x000050    program     static B:\Dokumente\Studium\6. Semester\MSE\Volpe\IR-Remote\code\ir_remote_v1\18F4525TEMP(1).ASM
          send_pulse_on_2   0x000054    program     static B:\Dokumente\Studium\6. Semester\MSE\Volpe\IR-Remote\code\ir_remote_v1\18F4525TEMP(1).ASM
                 send_low   0x000066    program     static B:\Dokumente\Studium\6. Semester\MSE\Volpe\IR-Remote\code\ir_remote_v1\18F4525TEMP(1).ASM
                send_high   0x000070    program     static B:\Dokumente\Studium\6. Semester\MSE\Volpe\IR-Remote\code\ir_remote_v1\18F4525TEMP(1).ASM
              send_buffer   0x00007a    program     static B:\Dokumente\Studium\6. Semester\MSE\Volpe\IR-Remote\code\ir_remote_v1\18F4525TEMP(1).ASM
            send_next_bit   0x000086    program     static B:\Dokumente\Studium\6. Semester\MSE\Volpe\IR-Remote\code\ir_remote_v1\18F4525TEMP(1).ASM
                     Main   0x00009a    program     static B:\Dokumente\Studium\6. Semester\MSE\Volpe\IR-Remote\code\ir_remote_v1\18F4525TEMP(1).ASM


