MPLINK 4.49, Linker
Linker Map File - Created Fri Jun 28 14:57:28 2024

                                 Section Info
                  Section       Type    Address   Location Size(Bytes)
                ---------  ---------  ---------  ---------  ---------
                   .org_0       code   0x000000    program   0x000000
                   .org_2       code   0x000000    program   0x000004
                   .org_3       code   0x000008    program   0x000010
                   .org_4       code   0x000018    program   0x000256
.config_300001_TEST_ALL_COMMANDS.O    romdata   0x300001    program   0x000001
.config_300002_TEST_ALL_COMMANDS.O    romdata   0x300002    program   0x000001
.config_300003_TEST_ALL_COMMANDS.O    romdata   0x300003    program   0x000001
.config_300005_TEST_ALL_COMMANDS.O    romdata   0x300005    program   0x000001
.config_300006_TEST_ALL_COMMANDS.O    romdata   0x300006    program   0x000001
.config_300008_TEST_ALL_COMMANDS.O    romdata   0x300008    program   0x000001
.config_300009_TEST_ALL_COMMANDS.O    romdata   0x300009    program   0x000001
.config_30000A_TEST_ALL_COMMANDS.O    romdata   0x30000a    program   0x000001
.config_30000B_TEST_ALL_COMMANDS.O    romdata   0x30000b    program   0x000001
.config_30000C_TEST_ALL_COMMANDS.O    romdata   0x30000c    program   0x000001
.config_30000D_TEST_ALL_COMMANDS.O    romdata   0x30000d    program   0x000001
                   .org_1       code   0xf00000    program   0x000010



                              Program Memory Usage 
                               Start         End      
                           ---------   ---------      
                            0x000000    0x000003      
                            0x000008    0x00026d      
                            0x300001    0x300003      
                            0x300005    0x300006      
                            0x300008    0x30000d      
                            0xf00000    0xf0000f      
            645 out of 50200 program addresses used, program memory utilization is 1%



                              Symbols - Sorted by Name
                     Name    Address   Location    Storage File                     
                ---------  ---------  ---------  --------- ---------                
                  HighInt   0x00000a    program     static C:\Users\BMDT\Documents\MSE\ir_remote_final_tests\ir_final\test_all_commands.ASM
                   LowInt   0x00001a    program     static C:\Users\BMDT\Documents\MSE\ir_remote_final_tests\ir_final\test_all_commands.ASM
                     Main   0x000166    program     static C:\Users\BMDT\Documents\MSE\ir_remote_final_tests\ir_final\test_all_commands.ASM
               delay_loop   0x00014a    program     static C:\Users\BMDT\Documents\MSE\ir_remote_final_tests\ir_final\test_all_commands.ASM
               init_portb   0x0000a4    program     static C:\Users\BMDT\Documents\MSE\ir_remote_final_tests\ir_final\test_all_commands.ASM
               init_portc   0x00009a    program     static C:\Users\BMDT\Documents\MSE\ir_remote_final_tests\ir_final\test_all_commands.ASM
               init_ports   0x0000de    program     static C:\Users\BMDT\Documents\MSE\ir_remote_final_tests\ir_final\test_all_commands.ASM
                 init_pwm   0x0000f8    program     static C:\Users\BMDT\Documents\MSE\ir_remote_final_tests\ir_final\test_all_commands.ASM
        interrupt_routine   0x000024    program     static C:\Users\BMDT\Documents\MSE\ir_remote_final_tests\ir_final\test_all_commands.ASM
                pwm_delay   0x000132    program     static C:\Users\BMDT\Documents\MSE\ir_remote_final_tests\ir_final\test_all_commands.ASM
                   send_0   0x00015c    program     static C:\Users\BMDT\Documents\MSE\ir_remote_final_tests\ir_final\test_all_commands.ASM
                   send_1   0x000152    program     static C:\Users\BMDT\Documents\MSE\ir_remote_final_tests\ir_final\test_all_commands.ASM
            send_bit_loop   0x0001d4    program     static C:\Users\BMDT\Documents\MSE\ir_remote_final_tests\ir_final\test_all_commands.ASM
          send_bit_loop_2   0x000216    program     static C:\Users\BMDT\Documents\MSE\ir_remote_final_tests\ir_final\test_all_commands.ASM
          send_bit_loop_3   0x000254    program     static C:\Users\BMDT\Documents\MSE\ir_remote_final_tests\ir_final\test_all_commands.ASM
            send_cmd_loop   0x0001ba    program     static C:\Users\BMDT\Documents\MSE\ir_remote_final_tests\ir_final\test_all_commands.ASM
                send_rb_0   0x000052    program     static C:\Users\BMDT\Documents\MSE\ir_remote_final_tests\ir_final\test_all_commands.ASM
                send_rb_1   0x000062    program     static C:\Users\BMDT\Documents\MSE\ir_remote_final_tests\ir_final\test_all_commands.ASM
                send_rb_2   0x000072    program     static C:\Users\BMDT\Documents\MSE\ir_remote_final_tests\ir_final\test_all_commands.ASM
                send_rb_4   0x000082    program     static C:\Users\BMDT\Documents\MSE\ir_remote_final_tests\ir_final\test_all_commands.ASM
                send_rb_5   0x00008e    program     static C:\Users\BMDT\Documents\MSE\ir_remote_final_tests\ir_final\test_all_commands.ASM
        send_rb_on_change   0x000040    program     static C:\Users\BMDT\Documents\MSE\ir_remote_final_tests\ir_final\test_all_commands.ASM
                 skip_cmd   0x000198    program     static C:\Users\BMDT\Documents\MSE\ir_remote_final_tests\ir_final\test_all_commands.ASM
                tmr_delay   0x000122    program     static C:\Users\BMDT\Documents\MSE\ir_remote_final_tests\ir_final\test_all_commands.ASM
            wait_cmd_loop   0x00019c    program     static C:\Users\BMDT\Documents\MSE\ir_remote_final_tests\ir_final\test_all_commands.ASM
          wait_rand_delay   0x0001fa    program     static C:\Users\BMDT\Documents\MSE\ir_remote_final_tests\ir_final\test_all_commands.ASM
        wait_rand_delay_3   0x000238    program     static C:\Users\BMDT\Documents\MSE\ir_remote_final_tests\ir_final\test_all_commands.ASM
    wait_rand_delay_outer   0x0001fa    program     static C:\Users\BMDT\Documents\MSE\ir_remote_final_tests\ir_final\test_all_commands.ASM
  wait_rand_delay_outer_3   0x000238    program     static C:\Users\BMDT\Documents\MSE\ir_remote_final_tests\ir_final\test_all_commands.ASM



                              Symbols - Sorted by Address
                     Name    Address   Location    Storage File                     
                ---------  ---------  ---------  --------- ---------                
                  HighInt   0x00000a    program     static C:\Users\BMDT\Documents\MSE\ir_remote_final_tests\ir_final\test_all_commands.ASM
                   LowInt   0x00001a    program     static C:\Users\BMDT\Documents\MSE\ir_remote_final_tests\ir_final\test_all_commands.ASM
        interrupt_routine   0x000024    program     static C:\Users\BMDT\Documents\MSE\ir_remote_final_tests\ir_final\test_all_commands.ASM
        send_rb_on_change   0x000040    program     static C:\Users\BMDT\Documents\MSE\ir_remote_final_tests\ir_final\test_all_commands.ASM
                send_rb_0   0x000052    program     static C:\Users\BMDT\Documents\MSE\ir_remote_final_tests\ir_final\test_all_commands.ASM
                send_rb_1   0x000062    program     static C:\Users\BMDT\Documents\MSE\ir_remote_final_tests\ir_final\test_all_commands.ASM
                send_rb_2   0x000072    program     static C:\Users\BMDT\Documents\MSE\ir_remote_final_tests\ir_final\test_all_commands.ASM
                send_rb_4   0x000082    program     static C:\Users\BMDT\Documents\MSE\ir_remote_final_tests\ir_final\test_all_commands.ASM
                send_rb_5   0x00008e    program     static C:\Users\BMDT\Documents\MSE\ir_remote_final_tests\ir_final\test_all_commands.ASM
               init_portc   0x00009a    program     static C:\Users\BMDT\Documents\MSE\ir_remote_final_tests\ir_final\test_all_commands.ASM
               init_portb   0x0000a4    program     static C:\Users\BMDT\Documents\MSE\ir_remote_final_tests\ir_final\test_all_commands.ASM
               init_ports   0x0000de    program     static C:\Users\BMDT\Documents\MSE\ir_remote_final_tests\ir_final\test_all_commands.ASM
                 init_pwm   0x0000f8    program     static C:\Users\BMDT\Documents\MSE\ir_remote_final_tests\ir_final\test_all_commands.ASM
                tmr_delay   0x000122    program     static C:\Users\BMDT\Documents\MSE\ir_remote_final_tests\ir_final\test_all_commands.ASM
                pwm_delay   0x000132    program     static C:\Users\BMDT\Documents\MSE\ir_remote_final_tests\ir_final\test_all_commands.ASM
               delay_loop   0x00014a    program     static C:\Users\BMDT\Documents\MSE\ir_remote_final_tests\ir_final\test_all_commands.ASM
                   send_1   0x000152    program     static C:\Users\BMDT\Documents\MSE\ir_remote_final_tests\ir_final\test_all_commands.ASM
                   send_0   0x00015c    program     static C:\Users\BMDT\Documents\MSE\ir_remote_final_tests\ir_final\test_all_commands.ASM
                     Main   0x000166    program     static C:\Users\BMDT\Documents\MSE\ir_remote_final_tests\ir_final\test_all_commands.ASM
                 skip_cmd   0x000198    program     static C:\Users\BMDT\Documents\MSE\ir_remote_final_tests\ir_final\test_all_commands.ASM
            wait_cmd_loop   0x00019c    program     static C:\Users\BMDT\Documents\MSE\ir_remote_final_tests\ir_final\test_all_commands.ASM
            send_cmd_loop   0x0001ba    program     static C:\Users\BMDT\Documents\MSE\ir_remote_final_tests\ir_final\test_all_commands.ASM
            send_bit_loop   0x0001d4    program     static C:\Users\BMDT\Documents\MSE\ir_remote_final_tests\ir_final\test_all_commands.ASM
          wait_rand_delay   0x0001fa    program     static C:\Users\BMDT\Documents\MSE\ir_remote_final_tests\ir_final\test_all_commands.ASM
    wait_rand_delay_outer   0x0001fa    program     static C:\Users\BMDT\Documents\MSE\ir_remote_final_tests\ir_final\test_all_commands.ASM
          send_bit_loop_2   0x000216    program     static C:\Users\BMDT\Documents\MSE\ir_remote_final_tests\ir_final\test_all_commands.ASM
  wait_rand_delay_outer_3   0x000238    program     static C:\Users\BMDT\Documents\MSE\ir_remote_final_tests\ir_final\test_all_commands.ASM
        wait_rand_delay_3   0x000238    program     static C:\Users\BMDT\Documents\MSE\ir_remote_final_tests\ir_final\test_all_commands.ASM
          send_bit_loop_3   0x000254    program     static C:\Users\BMDT\Documents\MSE\ir_remote_final_tests\ir_final\test_all_commands.ASM


