MPLINK 4.49, Linker
Linker Map File - Created Sat Jun 15 21:11:27 2024

                                 Section Info
                  Section       Type    Address   Location Size(Bytes)
                ---------  ---------  ---------  ---------  ---------
                   .org_0       code   0x000000    program   0x000000
                   .org_2       code   0x000000    program   0x000004
                   .org_3       code   0x000008    program   0x000010
                   .org_4       code   0x000018    program   0x00008a
.config_300001_18F4525TEMP(1).O    romdata   0x300001    program   0x000001
.config_300002_18F4525TEMP(1).O    romdata   0x300002    program   0x000001
.config_300003_18F4525TEMP(1).O    romdata   0x300003    program   0x000001
.config_300005_18F4525TEMP(1).O    romdata   0x300005    program   0x000001
.config_300006_18F4525TEMP(1).O    romdata   0x300006    program   0x000001
.config_300008_18F4525TEMP(1).O    romdata   0x300008    program   0x000001
.config_300009_18F4525TEMP(1).O    romdata   0x300009    program   0x000001
.config_30000A_18F4525TEMP(1).O    romdata   0x30000a    program   0x000001
.config_30000B_18F4525TEMP(1).O    romdata   0x30000b    program   0x000001
.config_30000C_18F4525TEMP(1).O    romdata   0x30000c    program   0x000001
.config_30000D_18F4525TEMP(1).O    romdata   0x30000d    program   0x000001
                   .org_1       code   0xf00000    program   0x000010



                              Program Memory Usage 
                               Start         End      
                           ---------   ---------      
                            0x000000    0x000003      
                            0x000008    0x0000a1      
                            0x300001    0x300003      
                            0x300005    0x300006      
                            0x300008    0x30000d      
                            0xf00000    0xf0000f      
            185 out of 50200 program addresses used, program memory utilization is 0%



                              Symbols - Sorted by Name
                     Name    Address   Location    Storage File                     
                ---------  ---------  ---------  --------- ---------                
                  HighInt   0x00000a    program     static B:\Dokumente\Studium\6. Semester\MSE\Volpe\IR-Remote\code\ir_test_remote\18F4525TEMP(1).ASM
                   LowInt   0x00001a    program     static B:\Dokumente\Studium\6. Semester\MSE\Volpe\IR-Remote\code\ir_test_remote\18F4525TEMP(1).ASM
                     Main   0x000070    program     static B:\Dokumente\Studium\6. Semester\MSE\Volpe\IR-Remote\code\ir_test_remote\18F4525TEMP(1).ASM
               init_portb   0x00001c    program     static B:\Dokumente\Studium\6. Semester\MSE\Volpe\IR-Remote\code\ir_test_remote\18F4525TEMP(1).ASM
               init_ports   0x000056    program     static B:\Dokumente\Studium\6. Semester\MSE\Volpe\IR-Remote\code\ir_test_remote\18F4525TEMP(1).ASM
            sleep_routine   0x000096    program     static B:\Dokumente\Studium\6. Semester\MSE\Volpe\IR-Remote\code\ir_test_remote\18F4525TEMP(1).ASM



                              Symbols - Sorted by Address
                     Name    Address   Location    Storage File                     
                ---------  ---------  ---------  --------- ---------                
                  HighInt   0x00000a    program     static B:\Dokumente\Studium\6. Semester\MSE\Volpe\IR-Remote\code\ir_test_remote\18F4525TEMP(1).ASM
                   LowInt   0x00001a    program     static B:\Dokumente\Studium\6. Semester\MSE\Volpe\IR-Remote\code\ir_test_remote\18F4525TEMP(1).ASM
               init_portb   0x00001c    program     static B:\Dokumente\Studium\6. Semester\MSE\Volpe\IR-Remote\code\ir_test_remote\18F4525TEMP(1).ASM
               init_ports   0x000056    program     static B:\Dokumente\Studium\6. Semester\MSE\Volpe\IR-Remote\code\ir_test_remote\18F4525TEMP(1).ASM
                     Main   0x000070    program     static B:\Dokumente\Studium\6. Semester\MSE\Volpe\IR-Remote\code\ir_test_remote\18F4525TEMP(1).ASM
            sleep_routine   0x000096    program     static B:\Dokumente\Studium\6. Semester\MSE\Volpe\IR-Remote\code\ir_test_remote\18F4525TEMP(1).ASM


